Backtrace test
[bt]  0 * at /home/eskesen/obj/cpp/lib/pub/Test/S/Test_bug.cpp:*
[bt]  1 * at /home/eskesen/obj/cpp/lib/pub/Test/S/Test_bug.cpp:*
[bt]  2 * at /home/eskesen/obj/cpp/lib/pub/S/Wrapper.cpp:*
[bt]  3 * at /home/eskesen/obj/cpp/lib/pub/Test/S/Test_bug.cpp:*
*

Standard mode:
This appears in TRACE and STDOUT
??????????.??? This appears in TRACE and STDOUT
Intensive mode:
This appears in TRACE and STDOUT
??????????.??? This appears in TRACE and STDOUT
